// Jest Snapshot v1, https://goo.gl/fbAQLP

exports[`Detail test test 1 1`] = `[Function]`;
